12:21:42 **** Incremental Build of configuration Debug for project FAN_UART ****
make -j4 all 
arm-none-eabi-gcc "../Core/Src/tim.c" -mcpu=cortex-m4 -std=gnu11 -g3 -DDEBUG -DUSE_HAL_DRIVER -DSTM32F411xE -c -I../Core/Inc -I../Drivers/STM32F4xx_HAL_Driver/Inc -I../Drivers/STM32F4xx_HAL_Driver/Inc/Legacy -I../Drivers/CMSIS/Device/ST/STM32F4xx/Include -I../Drivers/CMSIS/Include -O0 -ffunction-sections -fdata-sections -Wall -fstack-usage -fcyclomatic-complexity -MMD -MP -MF"Core/Src/tim.d" -MT"Core/Src/tim.o" --specs=nano.specs -mfpu=fpv4-sp-d16 -mfloat-abi=hard -mthumb -o "Core/Src/tim.o"
arm-none-eabi-gcc -o "FAN_UART.elf" @"objects.list"   -mcpu=cortex-m4 -T"D:\Edge_Project\Embedded_project\workspace_intel\ARM\FAN_UART\STM32F411RETX_FLASH.ld" --specs=nosys.specs -Wl,-Map="FAN_UART.map" -Wl,--gc-sections -static --specs=nano.specs -mfpu=fpv4-sp-d16 -mfloat-abi=hard -mthumb -Wl,--start-group -lc -lm -Wl,--end-group
Finished building target: FAN_UART.elf
 
arm-none-eabi-size   FAN_UART.elf 
arm-none-eabi-objdump -h -S  FAN_UART.elf  > "FAN_UART.list"
   text	   data	    bss	    dec	    hex	filename
  14152	     20	   1716	  15888	   3e10	FAN_UART.elf
Finished building: default.size.stdout
 
Finished building: FAN_UART.list
 

12:21:44 Build Finished. 0 errors, 0 warnings. (took 1s.688ms)

