20:05:26 **** Incremental Build of configuration Debug for project Test03-ADC ****
make -j4 all 
arm-none-eabi-gcc "../Core/Src/main.c" -mcpu=cortex-m4 -std=gnu11 -g3 -DDEBUG -DUSE_HAL_DRIVER -DSTM32F411xE -c -I../Core/Inc -I../Drivers/STM32F4xx_HAL_Driver/Inc -I../Drivers/STM32F4xx_HAL_Driver/Inc/Legacy -I../Drivers/CMSIS/Device/ST/STM32F4xx/Include -I../Drivers/CMSIS/Include -O0 -ffunction-sections -fdata-sections -Wall -fstack-usage -fcyclomatic-complexity -MMD -MP -MF"Core/Src/main.d" -MT"Core/Src/main.o" --specs=nano.specs -mfpu=fpv4-sp-d16 -mfloat-abi=hard -mthumb -o "Core/Src/main.o"
In file included from ../Core/Src/main.c:29:
../Core/Src/../../../myLib/Src/myLib.c: In function '__io_putchar':
../Core/Src/../../../myLib/Src/myLib.c:15:36: warning: passing argument 2 of 'HAL_UART_Transmit' from incompatible pointer type [-Wincompatible-pointer-types]
   15 |         HAL_UART_Transmit(&huart2, &_c, 1, 10);
      |                                    ^~~
      |                                    |
      |                                    int *
In file included from ../Core/Inc/stm32f4xx_hal_conf.h:411,
                 from ../Drivers/STM32F4xx_HAL_Driver/Inc/stm32f4xx_hal.h:29,
                 from ../Core/Inc/main.h:30,
                 from ../Core/Src/main.c:20:
../Drivers/STM32F4xx_HAL_Driver/Inc/stm32f4xx_hal_uart.h:745:79: note: expected 'const uint8_t *' {aka 'const unsigned char *'} but argument is of type 'int *'
  745 | HAL_StatusTypeDef HAL_UART_Transmit(UART_HandleTypeDef *huart, const uint8_t *pData, uint16_t Size, uint32_t Timeout);
      |                                                                ~~~~~~~~~~~~~~~^~~~~
../Core/Src/main.c: In function 'main':
../Core/Src/main.c:172:3: warning: implicit declaration of function 'printf' [-Wimplicit-function-declaration]
  172 |   printf("\033[1J\033[1;1HProgram Started......\r\n");
      |   ^~~~~~
../Core/Src/main.c:30:8: note: include '<stdio.h>' or provide a declaration of 'printf'
   29 | #include "../../../myLib/Src/myLib.c" // same level with project
  +++ |+#include <stdio.h>
   30 |                                                                           // Core/Test03-ADC/ARM/myLib .....
../Core/Src/main.c:172:3: warning: incompatible implicit declaration of built-in function 'printf' [-Wbuiltin-declaration-mismatch]
  172 |   printf("\033[1J\033[1;1HProgram Started......\r\n");
      |   ^~~~~~
../Core/Src/main.c:172:3: note: include '<stdio.h>' or provide a declaration of 'printf'
../Core/Src/main.c:178:29: warning: passing argument 2 of 'HAL_ADC_Start_DMA' from incompatible pointer type [-Wincompatible-pointer-types]
  178 |   HAL_ADC_Start_DMA(&hadc1, (int*)dValue, sizeof(short)); // pData => DMA Memory address
      |                             ^~~~~~~~~~~~
      |                             |
      |                             int *
In file included from ../Core/Inc/stm32f4xx_hal_conf.h:295,
                 from ../Drivers/STM32F4xx_HAL_Driver/Inc/stm32f4xx_hal.h:29,
                 from ../Core/Inc/main.h:30,
                 from ../Core/Src/main.c:20:
../Drivers/STM32F4xx_HAL_Driver/Inc/stm32f4xx_hal_adc.h:594:72: note: expected 'uint32_t *' {aka 'long unsigned int *'} but argument is of type 'int *'
  594 | HAL_StatusTypeDef HAL_ADC_Start_DMA(ADC_HandleTypeDef *hadc, uint32_t *pData, uint32_t Length);
      |                                                              ~~~~~~~~~~^~~~~
arm-none-eabi-gcc -o "Test03-ADC.elf" @"objects.list"   -mcpu=cortex-m4 -T"I:\Edge_Project\Embedded_project\workspace_intel\ARM\Test03-ADC\STM32F411RETX_FLASH.ld" --specs=nosys.specs -Wl,-Map="Test03-ADC.map" -Wl,--gc-sections -static --specs=nano.specs -mfpu=fpv4-sp-d16 -mfloat-abi=hard -mthumb -Wl,--start-group -lc -lm -Wl,--end-group
Finished building target: Test03-ADC.elf
 
arm-none-eabi-size  Test03-ADC.elf 
arm-none-eabi-objdump -h -S Test03-ADC.elf  > "Test03-ADC.list"
   text	   data	    bss	    dec	    hex	filename
  22184	    112	   2296	  24592	   6010	Test03-ADC.elf
Finished building: default.size.stdout
 
Finished building: Test03-ADC.list
 

20:05:27 Build Finished. 0 errors, 4 warnings. (took 1s.717ms)

